mode: count
github.com/adam-hanna/jwt-auth/jwt/auth.go:55.48,57.2 1 4
github.com/adam-hanna/jwt-auth/jwt/auth.go:61.47,64.2 1 3
github.com/adam-hanna/jwt-auth/jwt/auth.go:68.66,71.2 2 1
github.com/adam-hanna/jwt-auth/jwt/auth.go:73.73,76.2 2 6
github.com/adam-hanna/jwt-auth/jwt/auth.go:85.48,87.23 2 37
github.com/adam-hanna/jwt-auth/jwt/auth.go:95.2,95.34 1 37
github.com/adam-hanna/jwt-auth/jwt/auth.go:98.2,98.31 1 37
github.com/adam-hanna/jwt-auth/jwt/auth.go:103.2,105.110 3 37
github.com/adam-hanna/jwt-auth/jwt/auth.go:182.2,190.12 8 30
github.com/adam-hanna/jwt-auth/jwt/auth.go:87.23,89.3 1 0
github.com/adam-hanna/jwt-auth/jwt/auth.go:89.3,91.3 1 37
github.com/adam-hanna/jwt-auth/jwt/auth.go:95.34,97.3 1 21
github.com/adam-hanna/jwt-auth/jwt/auth.go:98.31,100.3 1 21
github.com/adam-hanna/jwt-auth/jwt/auth.go:105.110,106.26 1 27
github.com/adam-hanna/jwt-auth/jwt/auth.go:109.3,109.26 1 26
github.com/adam-hanna/jwt-auth/jwt/auth.go:112.3,112.24 1 26
github.com/adam-hanna/jwt-auth/jwt/auth.go:106.26,108.4 1 1
github.com/adam-hanna/jwt-auth/jwt/auth.go:109.26,111.4 1 26
github.com/adam-hanna/jwt-auth/jwt/auth.go:114.3,114.117 1 10
github.com/adam-hanna/jwt-auth/jwt/auth.go:114.117,116.56 1 5
github.com/adam-hanna/jwt-auth/jwt/auth.go:119.3,119.32 1 4
github.com/adam-hanna/jwt-auth/jwt/auth.go:124.3,124.26 1 3
github.com/adam-hanna/jwt-auth/jwt/auth.go:136.3,137.17 2 2
github.com/adam-hanna/jwt-auth/jwt/auth.go:141.3,142.17 2 2
github.com/adam-hanna/jwt-auth/jwt/auth.go:116.56,118.4 1 1
github.com/adam-hanna/jwt-auth/jwt/auth.go:119.32,121.4 1 1
github.com/adam-hanna/jwt-auth/jwt/auth.go:124.26,126.18 2 2
github.com/adam-hanna/jwt-auth/jwt/auth.go:130.4,131.18 2 2
github.com/adam-hanna/jwt-auth/jwt/auth.go:126.18,128.5 1 0
github.com/adam-hanna/jwt-auth/jwt/auth.go:131.18,133.5 1 1
github.com/adam-hanna/jwt-auth/jwt/auth.go:137.17,139.4 1 0
github.com/adam-hanna/jwt-auth/jwt/auth.go:142.17,144.4 1 0
github.com/adam-hanna/jwt-auth/jwt/auth.go:146.3,146.117 1 5
github.com/adam-hanna/jwt-auth/jwt/auth.go:146.117,148.56 1 5
github.com/adam-hanna/jwt-auth/jwt/auth.go:151.3,151.32 1 4
github.com/adam-hanna/jwt-auth/jwt/auth.go:156.3,156.26 1 3
github.com/adam-hanna/jwt-auth/jwt/auth.go:168.3,169.17 2 2
github.com/adam-hanna/jwt-auth/jwt/auth.go:173.3,174.17 2 2
github.com/adam-hanna/jwt-auth/jwt/auth.go:148.56,150.4 1 1
github.com/adam-hanna/jwt-auth/jwt/auth.go:151.32,153.4 1 1
github.com/adam-hanna/jwt-auth/jwt/auth.go:156.26,158.18 2 2
github.com/adam-hanna/jwt-auth/jwt/auth.go:162.4,163.18 2 2
github.com/adam-hanna/jwt-auth/jwt/auth.go:158.18,160.5 1 0
github.com/adam-hanna/jwt-auth/jwt/auth.go:163.18,165.5 1 1
github.com/adam-hanna/jwt-auth/jwt/auth.go:169.17,171.4 1 0
github.com/adam-hanna/jwt-auth/jwt/auth.go:174.17,176.4 1 0
github.com/adam-hanna/jwt-auth/jwt/auth.go:178.3,180.3 1 0
github.com/adam-hanna/jwt-auth/jwt/auth.go:194.54,196.2 1 1
github.com/adam-hanna/jwt-auth/jwt/auth.go:197.61,199.2 1 1
github.com/adam-hanna/jwt-auth/jwt/auth.go:200.61,202.2 1 4
github.com/adam-hanna/jwt-auth/jwt/auth.go:203.64,205.2 1 4
github.com/adam-hanna/jwt-auth/jwt/auth.go:208.53,209.71 1 8
github.com/adam-hanna/jwt-auth/jwt/auth.go:209.71,216.20 3 8
github.com/adam-hanna/jwt-auth/jwt/auth.go:228.3,228.20 1 3
github.com/adam-hanna/jwt-auth/jwt/auth.go:216.20,219.76 3 5
github.com/adam-hanna/jwt-auth/jwt/auth.go:219.76,222.5 2 5
github.com/adam-hanna/jwt-auth/jwt/auth.go:222.5,225.5 2 0
github.com/adam-hanna/jwt-auth/jwt/auth.go:233.99,238.34 3 0
github.com/adam-hanna/jwt-auth/jwt/auth.go:238.34,240.3 1 0
github.com/adam-hanna/jwt-auth/jwt/auth.go:240.3,243.75 3 0
github.com/adam-hanna/jwt-auth/jwt/auth.go:243.75,245.4 1 0
github.com/adam-hanna/jwt-auth/jwt/auth.go:245.4,247.4 1 0
github.com/adam-hanna/jwt-auth/jwt/auth.go:252.74,254.27 1 8
github.com/adam-hanna/jwt-auth/jwt/auth.go:260.2,262.16 3 7
github.com/adam-hanna/jwt-auth/jwt/auth.go:267.2,268.16 2 6
github.com/adam-hanna/jwt-auth/jwt/auth.go:272.2,276.33 2 2
github.com/adam-hanna/jwt-auth/jwt/auth.go:283.2,283.12 1 2
github.com/adam-hanna/jwt-auth/jwt/auth.go:254.27,257.3 2 1
github.com/adam-hanna/jwt-auth/jwt/auth.go:262.16,264.3 1 1
github.com/adam-hanna/jwt-auth/jwt/auth.go:268.16,270.3 1 4
github.com/adam-hanna/jwt-auth/jwt/auth.go:276.33,278.17 2 2
github.com/adam-hanna/jwt-auth/jwt/auth.go:278.17,280.4 1 0
github.com/adam-hanna/jwt-auth/jwt/auth.go:287.80,288.32 1 8
github.com/adam-hanna/jwt-auth/jwt/auth.go:288.32,292.3 2 1
github.com/adam-hanna/jwt-auth/jwt/auth.go:292.3,295.17 3 7
github.com/adam-hanna/jwt-auth/jwt/auth.go:299.3,300.17 2 7
github.com/adam-hanna/jwt-auth/jwt/auth.go:304.3,304.13 1 7
github.com/adam-hanna/jwt-auth/jwt/auth.go:295.17,297.4 1 0
github.com/adam-hanna/jwt-auth/jwt/auth.go:300.17,302.4 1 0
github.com/adam-hanna/jwt-auth/jwt/auth.go:309.76,312.16 3 8
github.com/adam-hanna/jwt-auth/jwt/auth.go:317.2,317.28 1 7
github.com/adam-hanna/jwt-auth/jwt/auth.go:343.2,351.12 7 7
github.com/adam-hanna/jwt-auth/jwt/auth.go:312.16,315.3 2 1
github.com/adam-hanna/jwt-auth/jwt/auth.go:317.28,321.3 2 1
github.com/adam-hanna/jwt-auth/jwt/auth.go:321.3,341.3 4 6
github.com/adam-hanna/jwt-auth/jwt/auth.go:355.69,358.16 3 1
github.com/adam-hanna/jwt-auth/jwt/auth.go:363.2,363.53 1 1
github.com/adam-hanna/jwt-auth/jwt/auth.go:358.16,361.3 2 0
github.com/adam-hanna/jwt-auth/jwt/credentials.go:34.49,35.21 1 31
github.com/adam-hanna/jwt-auth/jwt/credentials.go:35.21,37.3 1 0
github.com/adam-hanna/jwt-auth/jwt/credentials.go:40.89,42.16 2 15
github.com/adam-hanna/jwt-auth/jwt/credentials.go:45.2,64.12 16 15
github.com/adam-hanna/jwt-auth/jwt/credentials.go:42.16,44.3 1 0
github.com/adam-hanna/jwt-auth/jwt/credentials.go:67.140,69.75 1 20
github.com/adam-hanna/jwt-auth/jwt/credentials.go:74.2,89.12 10 20
github.com/adam-hanna/jwt-auth/jwt/credentials.go:69.75,71.3 1 0
github.com/adam-hanna/jwt-auth/jwt/credentials.go:92.72,94.9 2 10
github.com/adam-hanna/jwt-auth/jwt/credentials.go:104.2,104.42 1 10
github.com/adam-hanna/jwt-auth/jwt/credentials.go:108.2,108.12 1 8
github.com/adam-hanna/jwt-auth/jwt/credentials.go:94.9,96.3 1 0
github.com/adam-hanna/jwt-auth/jwt/credentials.go:104.42,106.3 1 2
github.com/adam-hanna/jwt-auth/jwt/credentials.go:111.50,114.16 2 18
github.com/adam-hanna/jwt-auth/jwt/credentials.go:114.16,116.3 1 0
github.com/adam-hanna/jwt-auth/jwt/credentials.go:116.3,118.3 1 18
github.com/adam-hanna/jwt-auth/jwt/credentials.go:121.67,123.9 2 6
github.com/adam-hanna/jwt-auth/jwt/credentials.go:128.2,128.66 1 6
github.com/adam-hanna/jwt-auth/jwt/credentials.go:123.9,125.3 1 0
github.com/adam-hanna/jwt-auth/jwt/credentials.go:128.66,131.33 2 4
github.com/adam-hanna/jwt-auth/jwt/credentials.go:131.33,136.18 3 2
github.com/adam-hanna/jwt-auth/jwt/credentials.go:140.4,143.18 3 2
github.com/adam-hanna/jwt-auth/jwt/credentials.go:147.4,148.14 2 2
github.com/adam-hanna/jwt-auth/jwt/credentials.go:136.18,138.5 1 0
github.com/adam-hanna/jwt-auth/jwt/credentials.go:143.18,145.5 1 0
github.com/adam-hanna/jwt-auth/jwt/credentials.go:149.4,152.4 2 2
github.com/adam-hanna/jwt-auth/jwt/credentials.go:153.3,156.3 2 2
github.com/adam-hanna/jwt-auth/jwt/credentials.go:159.64,162.16 2 10
github.com/adam-hanna/jwt-auth/jwt/credentials.go:167.2,167.29 1 8
github.com/adam-hanna/jwt-auth/jwt/credentials.go:162.16,164.3 1 2
github.com/adam-hanna/jwt-auth/jwt/credentials.go:167.29,194.3 2 3
github.com/adam-hanna/jwt-auth/jwt/credentials.go:194.3,194.72 1 5
github.com/adam-hanna/jwt-auth/jwt/credentials.go:194.72,196.52 2 5
github.com/adam-hanna/jwt-auth/jwt/credentials.go:196.52,198.35 2 4
github.com/adam-hanna/jwt-auth/jwt/credentials.go:204.4,205.113 2 1
github.com/adam-hanna/jwt-auth/jwt/credentials.go:198.35,202.5 2 3
github.com/adam-hanna/jwt-auth/jwt/credentials.go:206.4,209.4 2 1
github.com/adam-hanna/jwt-auth/jwt/credentials.go:210.3,213.3 2 0
github.com/adam-hanna/jwt-auth/jwt/errors.go:8.58,12.47 2 22
github.com/adam-hanna/jwt-auth/jwt/errors.go:16.2,19.3 1 12
github.com/adam-hanna/jwt-auth/jwt/errors.go:12.47,14.3 1 10
github.com/adam-hanna/jwt-auth/jwt/errors.go:28.34,29.20 1 14
github.com/adam-hanna/jwt-auth/jwt/errors.go:32.2,32.24 1 0
github.com/adam-hanna/jwt-auth/jwt/errors.go:29.20,31.3 1 14
github.com/adam-hanna/jwt-auth/jwt/jwtToken.go:23.46,24.21 1 0
github.com/adam-hanna/jwt-auth/jwt/jwtToken.go:24.21,26.3 1 0
github.com/adam-hanna/jwt-auth/jwt/jwtToken.go:29.132,34.112 2 55
github.com/adam-hanna/jwt-auth/jwt/jwtToken.go:42.2,49.18 6 55
github.com/adam-hanna/jwt-auth/jwt/jwtToken.go:34.112,35.76 1 55
github.com/adam-hanna/jwt-auth/jwt/jwtToken.go:39.3,39.24 1 48
github.com/adam-hanna/jwt-auth/jwt/jwtToken.go:35.76,38.4 2 7
github.com/adam-hanna/jwt-auth/jwt/jwtToken.go:52.97,62.2 7 38
github.com/adam-hanna/jwt-auth/jwt/jwtToken.go:64.50,66.9 2 1
github.com/adam-hanna/jwt-auth/jwt/jwtToken.go:70.2,75.12 3 1
github.com/adam-hanna/jwt-auth/jwt/jwtToken.go:66.9,68.3 1 0
github.com/adam-hanna/jwt-auth/jwt/jwtToken.go:78.65,80.9 2 1
github.com/adam-hanna/jwt-auth/jwt/jwtToken.go:84.2,89.12 3 1
github.com/adam-hanna/jwt-auth/jwt/jwtToken.go:80.9,82.3 1 0
github.com/adam-hanna/jwt-auth/jwt/jwtToken.go:92.74,94.9 2 5
github.com/adam-hanna/jwt-auth/jwt/jwtToken.go:98.2,104.12 4 5
github.com/adam-hanna/jwt-auth/jwt/jwtToken.go:94.9,96.3 1 0
github.com/adam-hanna/jwt-auth/jwt/auth-utils.go:16.88,18.28 1 20
github.com/adam-hanna/jwt-auth/jwt/auth-utils.go:18.28,20.57 1 5
github.com/adam-hanna/jwt-auth/jwt/auth-utils.go:20.57,23.18 2 1
github.com/adam-hanna/jwt-auth/jwt/auth-utils.go:29.4,33.18 4 1
github.com/adam-hanna/jwt-auth/jwt/auth-utils.go:39.4,39.67 1 1
github.com/adam-hanna/jwt-auth/jwt/auth-utils.go:23.18,27.5 2 0
github.com/adam-hanna/jwt-auth/jwt/auth-utils.go:33.18,37.5 2 0
github.com/adam-hanna/jwt-auth/jwt/auth-utils.go:40.4,45.4 2 4
github.com/adam-hanna/jwt-auth/jwt/auth-utils.go:46.3,48.34 2 15
github.com/adam-hanna/jwt-auth/jwt/auth-utils.go:56.3,57.37 2 13
github.com/adam-hanna/jwt-auth/jwt/auth-utils.go:65.3,65.52 1 13
github.com/adam-hanna/jwt-auth/jwt/auth-utils.go:48.34,51.4 2 2
github.com/adam-hanna/jwt-auth/jwt/auth-utils.go:51.4,51.28 1 13
github.com/adam-hanna/jwt-auth/jwt/auth-utils.go:51.28,54.4 1 0
github.com/adam-hanna/jwt-auth/jwt/auth-utils.go:57.37,60.4 2 0
github.com/adam-hanna/jwt-auth/jwt/auth-utils.go:60.4,60.31 1 13
github.com/adam-hanna/jwt-auth/jwt/auth-utils.go:60.31,63.4 2 0
github.com/adam-hanna/jwt-auth/jwt/auth-utils.go:69.68,72.22 2 19
github.com/adam-hanna/jwt-auth/jwt/auth-utils.go:76.2,77.22 2 14
github.com/adam-hanna/jwt-auth/jwt/auth-utils.go:81.2,84.22 4 2
github.com/adam-hanna/jwt-auth/jwt/auth-utils.go:72.22,74.3 1 5
github.com/adam-hanna/jwt-auth/jwt/auth-utils.go:77.22,79.3 1 12
github.com/adam-hanna/jwt-auth/jwt/auth-utils.go:84.22,86.3 1 1
github.com/adam-hanna/jwt-auth/jwt/auth-utils.go:86.3,88.3 1 1
github.com/adam-hanna/jwt-auth/jwt/auth-utils.go:91.96,93.16 2 12
github.com/adam-hanna/jwt-auth/jwt/auth-utils.go:96.2,97.16 2 12
github.com/adam-hanna/jwt-auth/jwt/auth-utils.go:101.2,101.28 1 12
github.com/adam-hanna/jwt-auth/jwt/auth-utils.go:127.2,128.9 2 12
github.com/adam-hanna/jwt-auth/jwt/auth-utils.go:132.2,133.9 2 12
github.com/adam-hanna/jwt-auth/jwt/auth-utils.go:138.2,144.12 4 12
github.com/adam-hanna/jwt-auth/jwt/auth-utils.go:93.16,95.3 1 0
github.com/adam-hanna/jwt-auth/jwt/auth-utils.go:97.16,99.3 1 0
github.com/adam-hanna/jwt-auth/jwt/auth-utils.go:101.28,105.3 2 1
github.com/adam-hanna/jwt-auth/jwt/auth-utils.go:105.3,125.3 4 11
github.com/adam-hanna/jwt-auth/jwt/auth-utils.go:128.9,131.3 2 0
github.com/adam-hanna/jwt-auth/jwt/auth-utils.go:133.9,136.3 2 0
github.com/adam-hanna/jwt-auth/jwt/auth-utils.go:147.87,149.16 2 17
github.com/adam-hanna/jwt-auth/jwt/auth-utils.go:153.2,154.16 2 15
github.com/adam-hanna/jwt-auth/jwt/auth-utils.go:158.2,159.16 2 15
github.com/adam-hanna/jwt-auth/jwt/auth-utils.go:163.2,163.12 1 15
github.com/adam-hanna/jwt-auth/jwt/auth-utils.go:149.16,151.3 1 2
github.com/adam-hanna/jwt-auth/jwt/auth-utils.go:154.16,156.3 1 0
github.com/adam-hanna/jwt-auth/jwt/auth-utils.go:159.16,161.3 1 0
github.com/adam-hanna/jwt-auth/jwt/auth-utils.go:166.42,167.21 1 19
github.com/adam-hanna/jwt-auth/jwt/auth-utils.go:167.21,169.3 1 0
github.com/adam-hanna/jwt-auth/jwt/auth-utils.go:172.68,174.2 1 28
